97.05.04 01:56 B d:\websites\macross\tetris\pic\block1.gif --> calum.uwaterloo.ca /csc/disk0/u0/yhchan/tetris/pic block1.gif
97.05.04 01:56 B d:\websites\macross\tetris\pic\block2.gif --> calum.uwaterloo.ca /csc/disk0/u0/yhchan/tetris/pic block2.gif
97.05.04 01:56 B d:\websites\macross\tetris\pic\block3.gif --> calum.uwaterloo.ca /csc/disk0/u0/yhchan/tetris/pic block3.gif
97.05.04 01:56 B d:\websites\macross\tetris\pic\block4.gif --> calum.uwaterloo.ca /csc/disk0/u0/yhchan/tetris/pic block4.gif
97.05.04 01:56 B d:\websites\macross\tetris\pic\block5.gif --> calum.uwaterloo.ca /csc/disk0/u0/yhchan/tetris/pic block5.gif
97.05.04 01:56 B d:\websites\macross\tetris\pic\block6.gif --> calum.uwaterloo.ca /csc/disk0/u0/yhchan/tetris/pic block6.gif
97.05.04 01:57 B d:\websites\macross\tetris\pic\block7.gif --> calum.uwaterloo.ca /csc/disk0/u0/yhchan/tetris/pic block7.gif
97.05.04 01:57 B d:\websites\macross\tetris\pic\but1c.gif --> calum.uwaterloo.ca /csc/disk0/u0/yhchan/tetris/pic but1c.gif
97.05.04 01:57 B d:\websites\macross\tetris\pic\but1w.gif --> calum.uwaterloo.ca /csc/disk0/u0/yhchan/tetris/pic but1w.gif
97.05.04 01:57 B d:\websites\macross\tetris\pic\but2c.gif --> calum.uwaterloo.ca /csc/disk0/u0/yhchan/tetris/pic but2c.gif
97.05.04 01:57 B d:\websites\macross\tetris\pic\but2w.gif --> calum.uwaterloo.ca /csc/disk0/u0/yhchan/tetris/pic but2w.gif
97.05.04 01:57 B d:\websites\macross\tetris\pic\but3c.gif --> calum.uwaterloo.ca /csc/disk0/u0/yhchan/tetris/pic but3c.gif
97.05.04 01:57 B d:\websites\macross\tetris\pic\but3w.gif --> calum.uwaterloo.ca /csc/disk0/u0/yhchan/tetris/pic but3w.gif
97.05.04 01:57 B d:\websites\macross\tetris\pic\but4c.gif --> calum.uwaterloo.ca /csc/disk0/u0/yhchan/tetris/pic but4c.gif
97.05.04 01:57 B d:\websites\macross\tetris\pic\but4w.gif --> calum.uwaterloo.ca /csc/disk0/u0/yhchan/tetris/pic but4w.gif
97.05.04 01:57 B d:\websites\macross\tetris\pic\butokc.gif --> calum.uwaterloo.ca /csc/disk0/u0/yhchan/tetris/pic butokc.gif
97.05.04 01:57 B d:\websites\macross\tetris\pic\butokw.gif --> calum.uwaterloo.ca /csc/disk0/u0/yhchan/tetris/pic butokw.gif
97.05.04 01:58 B d:\websites\macross\tetris\pic\face1.jpg --> calum.uwaterloo.ca /csc/disk0/u0/yhchan/tetris/pic face1.jpg
97.05.04 01:58 B d:\websites\macross\tetris\pic\face2.jpg --> calum.uwaterloo.ca /csc/disk0/u0/yhchan/tetris/pic face2.jpg
97.05.04 01:58 B d:\websites\macross\tetris\pic\face3.jpg --> calum.uwaterloo.ca /csc/disk0/u0/yhchan/tetris/pic face3.jpg
97.05.04 01:58 B d:\websites\macross\tetris\pic\face4.jpg --> calum.uwaterloo.ca /csc/disk0/u0/yhchan/tetris/pic face4.jpg
97.05.04 01:58 B d:\websites\macross\tetris\pic\level1_bg.jpg --> calum.uwaterloo.ca /csc/disk0/u0/yhchan/tetris/pic level1_bg.jpg
97.05.04 01:58 B d:\websites\macross\tetris\pic\line_blocks.gif --> calum.uwaterloo.ca /csc/disk0/u0/yhchan/tetris/pic line_blocks.gif
97.05.04 01:59 B d:\websites\macross\tetris\pic\menu_bg.jpg --> calum.uwaterloo.ca /csc/disk0/u0/yhchan/tetris/pic menu_bg.jpg
97.05.04 01:59 B d:\websites\macross\tetris\pic\next.gif --> calum.uwaterloo.ca /csc/disk0/u0/yhchan/tetris/pic next.gif
97.05.04 01:59 B d:\websites\macross\tetris\pic\opt1c.gif --> calum.uwaterloo.ca /csc/disk0/u0/yhchan/tetris/pic opt1c.gif
97.05.04 01:59 B d:\websites\macross\tetris\pic\opt1w.gif --> calum.uwaterloo.ca /csc/disk0/u0/yhchan/tetris/pic opt1w.gif
97.05.04 01:59 B d:\websites\macross\tetris\pic\opt2c.gif --> calum.uwaterloo.ca /csc/disk0/u0/yhchan/tetris/pic opt2c.gif
97.05.04 01:59 B d:\websites\macross\tetris\pic\opt2w.gif --> calum.uwaterloo.ca /csc/disk0/u0/yhchan/tetris/pic opt2w.gif
97.05.04 02:00 B d:\websites\macross\tetris\pic\opt3c.gif --> calum.uwaterloo.ca /csc/disk0/u0/yhchan/tetris/pic opt3c.gif
97.05.04 02:00 B d:\websites\macross\tetris\pic\opt3w.gif --> calum.uwaterloo.ca /csc/disk0/u0/yhchan/tetris/pic opt3w.gif
97.05.04 02:00 B d:\websites\macross\tetris\pic\opt4c.gif --> calum.uwaterloo.ca /csc/disk0/u0/yhchan/tetris/pic opt4c.gif
97.05.04 02:00 B d:\websites\macross\tetris\pic\opt4w.gif --> calum.uwaterloo.ca /csc/disk0/u0/yhchan/tetris/pic opt4w.gif
97.05.04 02:00 B d:\websites\macross\tetris\pic\opt5c.gif --> calum.uwaterloo.ca /csc/disk0/u0/yhchan/tetris/pic opt5c.gif
97.05.04 02:00 B d:\websites\macross\tetris\pic\opt5w.gif --> calum.uwaterloo.ca /csc/disk0/u0/yhchan/tetris/pic opt5w.gif
97.05.04 02:00 B d:\websites\macross\tetris\pic\opt6c.gif --> calum.uwaterloo.ca /csc/disk0/u0/yhchan/tetris/pic opt6c.gif
97.05.04 02:00 B d:\websites\macross\tetris\pic\opt6w.gif --> calum.uwaterloo.ca /csc/disk0/u0/yhchan/tetris/pic opt6w.gif
97.05.04 02:01 B d:\websites\macross\tetris\pic\score_bg.jpg --> calum.uwaterloo.ca /csc/disk0/u0/yhchan/tetris/pic score_bg.jpg
97.05.04 02:01 B d:\websites\macross\tetris\pic\sigma.gif --> calum.uwaterloo.ca /csc/disk0/u0/yhchan/tetris/pic sigma.gif
97.05.04 02:01 B d:\websites\macross\tetris\pic\square1.gif --> calum.uwaterloo.ca /csc/disk0/u0/yhchan/tetris/pic square1.gif
97.05.04 02:01 B d:\websites\macross\tetris\pic\square2.gif --> calum.uwaterloo.ca /csc/disk0/u0/yhchan/tetris/pic square2.gif
97.05.04 02:01 B d:\websites\macross\tetris\pic\square3.gif --> calum.uwaterloo.ca /csc/disk0/u0/yhchan/tetris/pic square3.gif
97.05.04 02:01 B d:\websites\macross\tetris\pic\square4.gif --> calum.uwaterloo.ca /csc/disk0/u0/yhchan/tetris/pic square4.gif
97.05.04 02:01 B d:\websites\macross\tetris\pic\square5.gif --> calum.uwaterloo.ca /csc/disk0/u0/yhchan/tetris/pic square5.gif
97.05.04 02:01 B d:\websites\macross\tetris\pic\square6.gif --> calum.uwaterloo.ca /csc/disk0/u0/yhchan/tetris/pic square6.gif
97.05.04 02:02 B d:\websites\macross\tetris\pic\square7.gif --> calum.uwaterloo.ca /csc/disk0/u0/yhchan/tetris/pic square7.gif
